MPLINK 4.49, Linker
Linker Map File - Created Mon Feb 28 15:19:30 2022

                                 Section Info
                  Section       Type    Address   Location Size(Bytes)
                ---------  ---------  ---------  ---------  ---------
                   .org_0       code   0x000000    program   0x00000a



                              Program Memory Usage 
                               Start         End      
                           ---------   ---------      
                            0x000000    0x000004      
            5 out of 8454 program addresses used, program memory utilization is 0%



                              Symbols - Sorted by Name
                     Name    Address   Location    Storage File                     
                ---------  ---------  ---------  --------- ---------                
                   INICIO   0x000001    program     static F:\Users\HP\Documents\Escuela\Semestre2022-2\Microcomputadoras\Lab\P1\Ej_2.ASM
                     ORG0   0x000000    program     static F:\Users\HP\Documents\Escuela\Semestre2022-2\Microcomputadoras\Lab\P1\Ej_2.ASM
                     ORG5   0x000001    program     static F:\Users\HP\Documents\Escuela\Semestre2022-2\Microcomputadoras\Lab\P1\Ej_2.ASM



                              Symbols - Sorted by Address
                     Name    Address   Location    Storage File                     
                ---------  ---------  ---------  --------- ---------                
                     ORG0   0x000000    program     static F:\Users\HP\Documents\Escuela\Semestre2022-2\Microcomputadoras\Lab\P1\Ej_2.ASM
                   INICIO   0x000001    program     static F:\Users\HP\Documents\Escuela\Semestre2022-2\Microcomputadoras\Lab\P1\Ej_2.ASM
                     ORG5   0x000001    program     static F:\Users\HP\Documents\Escuela\Semestre2022-2\Microcomputadoras\Lab\P1\Ej_2.ASM


