MPLINK 4.49, Linker
Linker Map File - Created Mon Feb 28 16:06:23 2022

                                 Section Info
                  Section       Type    Address   Location Size(Bytes)
                ---------  ---------  ---------  ---------  ---------
                   .org_0       code   0x000000    program   0x000000
                   .org_1       code   0x000000    program   0x000002
                   .org_2       code   0x000005    program   0x000018



                              Program Memory Usage 
                               Start         End      
                           ---------   ---------      
                            0x000000    0x000000      
                            0x000005    0x000010      
            13 out of 8454 program addresses used, program memory utilization is 0%



                              Symbols - Sorted by Name
                     Name    Address   Location    Storage File                     
                ---------  ---------  ---------  --------- ---------                
                  ACARREO   0x00000e    program     static F:\Users\HP\Documents\Escuela\Semestre2022-2\Microcomputadoras\Lab. Microcomputadoras\Lab. Micros_Git\Microcomputadoras\P1\Ej_3_2.asm
                   INICIO   0x000005    program     static F:\Users\HP\Documents\Escuela\Semestre2022-2\Microcomputadoras\Lab. Microcomputadoras\Lab. Micros_Git\Microcomputadoras\P1\Ej_3_2.asm
               NO_ACARREO   0x00000b    program     static F:\Users\HP\Documents\Escuela\Semestre2022-2\Microcomputadoras\Lab. Microcomputadoras\Lab. Micros_Git\Microcomputadoras\P1\Ej_3_2.asm



                              Symbols - Sorted by Address
                     Name    Address   Location    Storage File                     
                ---------  ---------  ---------  --------- ---------                
                   INICIO   0x000005    program     static F:\Users\HP\Documents\Escuela\Semestre2022-2\Microcomputadoras\Lab. Microcomputadoras\Lab. Micros_Git\Microcomputadoras\P1\Ej_3_2.asm
               NO_ACARREO   0x00000b    program     static F:\Users\HP\Documents\Escuela\Semestre2022-2\Microcomputadoras\Lab. Microcomputadoras\Lab. Micros_Git\Microcomputadoras\P1\Ej_3_2.asm
                  ACARREO   0x00000e    program     static F:\Users\HP\Documents\Escuela\Semestre2022-2\Microcomputadoras\Lab. Microcomputadoras\Lab. Micros_Git\Microcomputadoras\P1\Ej_3_2.asm


