MPLINK 4.49, Linker
Linker Map File - Created Mon Feb 28 15:24:13 2022

                                 Section Info
                  Section       Type    Address   Location Size(Bytes)
                ---------  ---------  ---------  ---------  ---------
                   .org_0       code   0x000000    program   0x000000
                   .org_1       code   0x000000    program   0x000002
                   .org_2       code   0x000005    program   0x000024



                              Program Memory Usage 
                               Start         End      
                           ---------   ---------      
                            0x000000    0x000000      
                            0x000005    0x000016      
            19 out of 8454 program addresses used, program memory utilization is 0%



                              Symbols - Sorted by Name
                     Name    Address   Location    Storage File                     
                ---------  ---------  ---------  --------- ---------                
                    CICLO   0x000007    program     static F:\Users\HP\Documents\Escuela\Semestre2022-2\Microcomputadoras\Lab\P1\Ej_5_2.ASM
                   INICIO   0x000005    program     static F:\Users\HP\Documents\Escuela\Semestre2022-2\Microcomputadoras\Lab\P1\Ej_5_2.ASM
                 NO_NUEVE   0x000010    program     static F:\Users\HP\Documents\Escuela\Semestre2022-2\Microcomputadoras\Lab\P1\Ej_5_2.ASM
                    NUEVE   0x00000d    program     static F:\Users\HP\Documents\Escuela\Semestre2022-2\Microcomputadoras\Lab\P1\Ej_5_2.ASM



                              Symbols - Sorted by Address
                     Name    Address   Location    Storage File                     
                ---------  ---------  ---------  --------- ---------                
                   INICIO   0x000005    program     static F:\Users\HP\Documents\Escuela\Semestre2022-2\Microcomputadoras\Lab\P1\Ej_5_2.ASM
                    CICLO   0x000007    program     static F:\Users\HP\Documents\Escuela\Semestre2022-2\Microcomputadoras\Lab\P1\Ej_5_2.ASM
                    NUEVE   0x00000d    program     static F:\Users\HP\Documents\Escuela\Semestre2022-2\Microcomputadoras\Lab\P1\Ej_5_2.ASM
                 NO_NUEVE   0x000010    program     static F:\Users\HP\Documents\Escuela\Semestre2022-2\Microcomputadoras\Lab\P1\Ej_5_2.ASM


